I'm sorry, but errors were detected in your script. Please correct the
errors listed below, and try again.


File "game/chapter2.rpy", line 90: 'call' is not a keyword argument or valid child for the hbox statement.
    call puzzle
        ^

Ren'Py Version: Ren'Py 8.0.3.22090809
Sun Oct 23 17:01:05 2022
